kotlin version: 2.2.10
error message: java.lang.IllegalArgumentException: List has more than one element.
	at kotlin.collections.CollectionsKt___CollectionsKt.single(_Collections.kt:618)
	at kotlin.collections.CollectionsKt___CollectionsKt.single(_Collections.kt:598)
	at org.jetbrains.kotlin.ir.backend.js.JsIntrinsics.getInternalFunction(JsIntrinsics.kt:406)
	at org.jetbrains.kotlin.ir.backend.js.JsIntrinsics.<init>(JsIntrinsics.kt:115)
	at org.jetbrains.kotlin.ir.backend.js.JsIrBackendContext.<init>(JsIrBackendContext.kt:124)
	at org.jetbrains.kotlin.ir.backend.js.JsCompilerKt.compileIr(jsCompiler.kt:105)
	at org.jetbrains.kotlin.ir.backend.js.JsCompilerKt.compile(jsCompiler.kt:56)
	at org.jetbrains.kotlin.ir.backend.js.JsCompilerKt.compile$default(jsCompiler.kt:41)
	at org.jetbrains.kotlin.cli.js.Ir2JsTransformer.lowerIr(K2JsCompilerImpl.kt:85)
	at org.jetbrains.kotlin.cli.js.Ir2JsTransformer.makeJsCodeGenerator(K2JsCompilerImpl.kt:104)
	at org.jetbrains.kotlin.cli.js.Ir2JsTransformer.compileAndTransformIrNew(K2JsCompilerImpl.kt:114)
	at org.jetbrains.kotlin.cli.pipeline.web.js.JsBackendPipelinePhase.compileNonIncrementally$cli_js(JsBackendPipelinePhase.kt:124)
	at org.jetbrains.kotlin.cli.pipeline.web.js.JsBackendPipelinePhase.compileNonIncrementally(JsBackendPipelinePhase.kt:98)
	at org.jetbrains.kotlin.cli.pipeline.web.js.JsBackendPipelinePhase.compileNonIncrementally(JsBackendPipelinePhase.kt:32)
	at org.jetbrains.kotlin.cli.pipeline.web.WebBackendPipelinePhase.executePhase(WebBackendPipelinePhase.kt:127)
	at org.jetbrains.kotlin.cli.pipeline.web.WebBackendPipelinePhase.executePhase(WebBackendPipelinePhase.kt:30)
	at org.jetbrains.kotlin.cli.pipeline.PipelinePhase.phaseBody(PipelinePhase.kt:68)
	at org.jetbrains.kotlin.cli.pipeline.PipelinePhase.phaseBody(PipelinePhase.kt:58)
	at org.jetbrains.kotlin.config.phaser.NamedCompilerPhase.invoke(CompilerPhase.kt:102)
	at org.jetbrains.kotlin.backend.common.phaser.CompositePhase.invoke(PhaseBuilders.kt:22)
	at org.jetbrains.kotlin.config.phaser.CompilerPhaseKt.invokeToplevel(CompilerPhase.kt:53)
	at org.jetbrains.kotlin.cli.pipeline.AbstractCliPipeline.runPhasedPipeline(AbstractCliPipeline.kt:109)
	at org.jetbrains.kotlin.cli.pipeline.AbstractCliPipeline.execute(AbstractCliPipeline.kt:68)
	at org.jetbrains.kotlin.cli.js.K2JSCompiler.doExecutePhased(K2JSCompiler.kt:66)
	at org.jetbrains.kotlin.cli.js.K2JSCompiler.doExecutePhased(K2JSCompiler.kt:53)
	at org.jetbrains.kotlin.cli.common.CLICompiler.execImpl(CLICompiler.kt:90)
	at org.jetbrains.kotlin.cli.common.CLICompiler.exec(CLICompiler.kt:352)
	at org.jetbrains.kotlin.daemon.CompileServiceImpl.compile(CompileServiceImpl.kt:1701)
	at java.base/jdk.internal.reflect.DirectMethodHandleAccessor.invoke(DirectMethodHandleAccessor.java:103)
	at java.base/java.lang.reflect.Method.invoke(Method.java:580)
	at java.rmi/sun.rmi.server.UnicastServerRef.dispatch(UnicastServerRef.java:360)
	at java.rmi/sun.rmi.transport.Transport$1.run(Transport.java:200)
	at java.rmi/sun.rmi.transport.Transport$1.run(Transport.java:197)
	at java.base/java.security.AccessController.doPrivileged(AccessController.java:714)
	at java.rmi/sun.rmi.transport.Transport.serviceCall(Transport.java:196)
	at java.rmi/sun.rmi.transport.tcp.TCPTransport.handleMessages(TCPTransport.java:598)
	at java.rmi/sun.rmi.transport.tcp.TCPTransport$ConnectionHandler.run0(TCPTransport.java:844)
	at java.rmi/sun.rmi.transport.tcp.TCPTransport$ConnectionHandler.lambda$run$0(TCPTransport.java:721)
	at java.base/java.security.AccessController.doPrivileged(AccessController.java:400)
	at java.rmi/sun.rmi.transport.tcp.TCPTransport$ConnectionHandler.run(TCPTransport.java:720)
	at java.base/java.util.concurrent.ThreadPoolExecutor.runWorker(ThreadPoolExecutor.java:1144)
	at java.base/java.util.concurrent.ThreadPoolExecutor$Worker.run(ThreadPoolExecutor.java:642)
	at java.base/java.lang.Thread.run(Thread.java:1583)


